  Geri yüklenecek projeler belirleniyor...
  c:\Users\Mert\source\repos\ISKI.IBKS\ISKI.IBKS.BuildingBlocks\ISKI.IBKS.BuildingBlocks.csproj geri yüklendi (879 ms içinde).
  c:\Users\Mert\source\repos\ISKI.IBKS\ISKI.IBKS.Application\ISKI.IBKS.Application.csproj geri yüklendi (879 ms içinde).
  c:\Users\Mert\source\repos\ISKI.IBKS\ISKI.IBKS.Domain\ISKI.IBKS.Domain.csproj geri yüklendi (879 ms içinde).
  c:\Users\Mert\source\repos\ISKI.IBKS\ISKI.IBKS.Modules\ISKI.IBKS.Modules.csproj geri yüklendi (879 ms içinde).
  c:\Users\Mert\source\repos\ISKI.IBKS\ISKI.IBKS.Persistence\ISKI.IBKS.Persistence.csproj geri yüklendi (879 ms içinde).
  c:\Users\Mert\source\repos\ISKI.IBKS\ISKI.IBKS.Tests.Unit\ISKI.IBKS.Tests.Unit.csproj geri yüklendi (879 ms içinde).
  Geri yükleme için 9 proje içinden 3 tanesi güncel.
  ISKI.IBKS.BuildingBlocks -> c:\Users\Mert\source\repos\ISKI.IBKS\ISKI.IBKS.BuildingBlocks\bin\Debug\net8.0\ISKI.IBKS.BuildingBlocks.dll
  ISKI.IBKS.Domain -> c:\Users\Mert\source\repos\ISKI.IBKS\ISKI.IBKS.Domain\bin\Debug\net8.0\ISKI.IBKS.Domain.dll
  ISKI.IBKS.Application -> c:\Users\Mert\source\repos\ISKI.IBKS\ISKI.IBKS.Application\bin\Debug\net8.0\ISKI.IBKS.Application.dll
  ISKI.IBKS.Persistence -> c:\Users\Mert\source\repos\ISKI.IBKS\ISKI.IBKS.Persistence\bin\Debug\net8.0\ISKI.IBKS.Persistence.dll
  ISKI.IBKS.Tests.Unit -> c:\Users\Mert\source\repos\ISKI.IBKS\ISKI.IBKS.Tests.Unit\bin\Debug\net8.0\ISKI.IBKS.Tests.Unit.dll
  ISKI.IBKS.Modules -> c:\Users\Mert\source\repos\ISKI.IBKS\ISKI.IBKS.Modules\bin\Debug\net8.0\ISKI.IBKS.Modules.dll
c:\Users\Mert\source\repos\ISKI.IBKS\ISKI.IBKS.Infrastructure\DependencyInjection.cs(7,7): warning CS0105: 'ISKI.IBKS.Infrastructure.Services.Mail' için using yönergesi bu ad alanında daha önce göründü [c:\Users\Mert\source\repos\ISKI.IBKS\ISKI.IBKS.Infrastructure\ISKI.IBKS.Infrastructure.csproj]
c:\Users\Mert\source\repos\ISKI.IBKS\ISKI.IBKS.Infrastructure\DependencyInjection.cs(10,7): warning CS0105: 'ISKI.IBKS.Application.Common.IoT.Plc' için using yönergesi bu ad alanında daha önce göründü [c:\Users\Mert\source\repos\ISKI.IBKS\ISKI.IBKS.Infrastructure\ISKI.IBKS.Infrastructure.csproj]
c:\Users\Mert\source\repos\ISKI.IBKS\ISKI.IBKS.Infrastructure\RemoteApi\SAIS\Providers\SaisStatusProvider.cs(2,7): warning CS0105: 'ISKI.IBKS.Application.Common.RemoteApi.SAIS' için using yönergesi bu ad alanında daha önce göründü [c:\Users\Mert\source\repos\ISKI.IBKS\ISKI.IBKS.Infrastructure\ISKI.IBKS.Infrastructure.csproj]
c:\Users\Mert\source\repos\ISKI.IBKS\ISKI.IBKS.Infrastructure\RemoteApi\SAIS\Providers\SaisStatusProvider.cs(3,7): warning CS0105: 'ISKI.IBKS.Application.Common.RemoteApi.SAIS' için using yönergesi bu ad alanında daha önce göründü [c:\Users\Mert\source\repos\ISKI.IBKS\ISKI.IBKS.Infrastructure\ISKI.IBKS.Infrastructure.csproj]
c:\Users\Mert\source\repos\ISKI.IBKS\ISKI.IBKS.Infrastructure\RemoteApi\SAIS\Providers\TicketProvider.cs(2,7): warning CS0105: 'ISKI.IBKS.Application.Common.RemoteApi.SAIS' için using yönergesi bu ad alanında daha önce göründü [c:\Users\Mert\source\repos\ISKI.IBKS\ISKI.IBKS.Infrastructure\ISKI.IBKS.Infrastructure.csproj]
c:\Users\Mert\source\repos\ISKI.IBKS\ISKI.IBKS.Infrastructure\RemoteApi\SAIS\Providers\TicketProvider.cs(3,7): warning CS0105: 'ISKI.IBKS.Application.Common.RemoteApi.SAIS' için using yönergesi bu ad alanında daha önce göründü [c:\Users\Mert\source\repos\ISKI.IBKS\ISKI.IBKS.Infrastructure\ISKI.IBKS.Infrastructure.csproj]
c:\Users\Mert\source\repos\ISKI.IBKS\ISKI.IBKS.Infrastructure\IoT\Plc\Client\Sharp7\Sharp7Client.cs(14,40): error CS1955: Çağrılamaz üye 'S7Client.Connected' yöntem gibi kullanılamaz. [c:\Users\Mert\source\repos\ISKI.IBKS\ISKI.IBKS.Infrastructure\ISKI.IBKS.Infrastructure.csproj]
c:\Users\Mert\source\repos\ISKI.IBKS\ISKI.IBKS.Infrastructure\BackgroundServices\PlcPollingWorker.cs(58,58): error CS1061: 'IStationConfiguration' bir 'PlcIp' tanımı içermiyor ve 'IStationConfiguration' türünde bir ilk bağımsız değişken kabul eden hiçbir erişilebilir 'PlcIp' genişletme yöntemi bulunamadı (bir kullanma yönergeniz veya derleme başvurunuz eksik olabilir mi?) [c:\Users\Mert\source\repos\ISKI.IBKS\ISKI.IBKS.Infrastructure\ISKI.IBKS.Infrastructure.csproj]
c:\Users\Mert\source\repos\ISKI.IBKS\ISKI.IBKS.Infrastructure\BackgroundServices\PlcPollingWorker.cs(58,80): error CS1061: 'IStationConfiguration' bir 'PlcRack' tanımı içermiyor ve 'IStationConfiguration' türünde bir ilk bağımsız değişken kabul eden hiçbir erişilebilir 'PlcRack' genişletme yöntemi bulunamadı (bir kullanma yönergeniz veya derleme başvurunuz eksik olabilir mi?) [c:\Users\Mert\source\repos\ISKI.IBKS\ISKI.IBKS.Infrastructure\ISKI.IBKS.Infrastructure.csproj]
c:\Users\Mert\source\repos\ISKI.IBKS\ISKI.IBKS.Infrastructure\BackgroundServices\PlcPollingWorker.cs(58,104): error CS1061: 'IStationConfiguration' bir 'PlcSlot' tanımı içermiyor ve 'IStationConfiguration' türünde bir ilk bağımsız değişken kabul eden hiçbir erişilebilir 'PlcSlot' genişletme yöntemi bulunamadı (bir kullanma yönergeniz veya derleme başvurunuz eksik olabilir mi?) [c:\Users\Mert\source\repos\ISKI.IBKS\ISKI.IBKS.Infrastructure\ISKI.IBKS.Infrastructure.csproj]
c:\Users\Mert\source\repos\ISKI.IBKS\ISKI.IBKS.Infrastructure\BackgroundServices\SampleOrchestrator.cs(76,37): error CS0103: 'SampleStatus' adı geçerli bağlamda yok [c:\Users\Mert\source\repos\ISKI.IBKS\ISKI.IBKS.Infrastructure\ISKI.IBKS.Infrastructure.csproj]
c:\Users\Mert\source\repos\ISKI.IBKS\ISKI.IBKS.Infrastructure\DependencyInjection.cs(38,28): error CS0246: 'UiMappingOptions' türü veya ad alanı adı bulunamadı (bir using yönergeniz veya derleme başvurunuz mu eksik?) [c:\Users\Mert\source\repos\ISKI.IBKS\ISKI.IBKS.Infrastructure\ISKI.IBKS.Infrastructure.csproj]
c:\Users\Mert\source\repos\ISKI.IBKS\ISKI.IBKS.Infrastructure\DependencyInjection.cs(42,18): error CS1061: 'IServiceCollection' bir 'AddPersistence' tanımı içermiyor ve 'IServiceCollection' türünde bir ilk bağımsız değişken kabul eden hiçbir erişilebilir 'AddPersistence' genişletme yöntemi bulunamadı (bir kullanma yönergeniz veya derleme başvurunuz eksik olabilir mi?) [c:\Users\Mert\source\repos\ISKI.IBKS\ISKI.IBKS.Infrastructure\ISKI.IBKS.Infrastructure.csproj]
c:\Users\Mert\source\repos\ISKI.IBKS\ISKI.IBKS.Infrastructure\DependencyInjection.cs(96,53): error CS0246: 'StationRuntimeState' türü veya ad alanı adı bulunamadı (bir using yönergeniz veya derleme başvurunuz mu eksik?) [c:\Users\Mert\source\repos\ISKI.IBKS\ISKI.IBKS.Infrastructure\ISKI.IBKS.Infrastructure.csproj]
c:\Users\Mert\source\repos\ISKI.IBKS\ISKI.IBKS.Infrastructure\BackgroundServices\SampleOrchestrator.cs(136,66): error CS1061: 'PlcSettings' bir 'IpAddress' tanımı içermiyor ve 'PlcSettings' türünde bir ilk bağımsız değişken kabul eden hiçbir erişilebilir 'IpAddress' genişletme yöntemi bulunamadı (bir kullanma yönergeniz veya derleme başvurunuz eksik olabilir mi?) [c:\Users\Mert\source\repos\ISKI.IBKS\ISKI.IBKS.Infrastructure\ISKI.IBKS.Infrastructure.csproj]
c:\Users\Mert\source\repos\ISKI.IBKS\ISKI.IBKS.Infrastructure\BackgroundServices\SampleOrchestrator.cs(136,96): error CS1061: 'PlcSettings' bir 'Rack' tanımı içermiyor ve 'PlcSettings' türünde bir ilk bağımsız değişken kabul eden hiçbir erişilebilir 'Rack' genişletme yöntemi bulunamadı (bir kullanma yönergeniz veya derleme başvurunuz eksik olabilir mi?) [c:\Users\Mert\source\repos\ISKI.IBKS\ISKI.IBKS.Infrastructure\ISKI.IBKS.Infrastructure.csproj]
c:\Users\Mert\source\repos\ISKI.IBKS\ISKI.IBKS.Infrastructure\BackgroundServices\SampleOrchestrator.cs(136,121): error CS1061: 'PlcSettings' bir 'Slot' tanımı içermiyor ve 'PlcSettings' türünde bir ilk bağımsız değişken kabul eden hiçbir erişilebilir 'Slot' genişletme yöntemi bulunamadı (bir kullanma yönergeniz veya derleme başvurunuz eksik olabilir mi?) [c:\Users\Mert\source\repos\ISKI.IBKS\ISKI.IBKS.Infrastructure\ISKI.IBKS.Infrastructure.csproj]
c:\Users\Mert\source\repos\ISKI.IBKS\ISKI.IBKS.Infrastructure\RemoteApi\SAIS\Http\SaisAuthClient.cs(15,61): error CS1503: 4 bağımsız değişkeni: 'ISKI.IBKS.Infrastructure.Logging.IApplicationLogger' öğesinden 'Microsoft.Extensions.Logging.ILogger<ISKI.IBKS.Infrastructure.RemoteApi.SAIS.Http.SaisApiClientBase>' öğesine dönüştürülemiyor [c:\Users\Mert\source\repos\ISKI.IBKS\ISKI.IBKS.Infrastructure\ISKI.IBKS.Infrastructure.csproj]
c:\Users\Mert\source\repos\ISKI.IBKS\ISKI.IBKS.Infrastructure\Services\Configuration\StationConfigurationService.cs(42,9): error CS0117: 'PlcSettings' bir 'IpAddress' tanımı içermiyor [c:\Users\Mert\source\repos\ISKI.IBKS\ISKI.IBKS.Infrastructure\ISKI.IBKS.Infrastructure.csproj]
c:\Users\Mert\source\repos\ISKI.IBKS\ISKI.IBKS.Infrastructure\Services\Configuration\StationConfigurationService.cs(43,9): error CS0117: 'PlcSettings' bir 'Rack' tanımı içermiyor [c:\Users\Mert\source\repos\ISKI.IBKS\ISKI.IBKS.Infrastructure\ISKI.IBKS.Infrastructure.csproj]
c:\Users\Mert\source\repos\ISKI.IBKS\ISKI.IBKS.Infrastructure\Services\Configuration\StationConfigurationService.cs(44,9): error CS0117: 'PlcSettings' bir 'Slot' tanımı içermiyor [c:\Users\Mert\source\repos\ISKI.IBKS\ISKI.IBKS.Infrastructure\ISKI.IBKS.Infrastructure.csproj]
c:\Users\Mert\source\repos\ISKI.IBKS\ISKI.IBKS.Infrastructure\RemoteApi\SAIS\Http\SaisApiClientBase.cs(55,13): error CS0103: 'LogCategory' adı geçerli bağlamda yok [c:\Users\Mert\source\repos\ISKI.IBKS\ISKI.IBKS.Infrastructure\ISKI.IBKS.Infrastructure.csproj]
c:\Users\Mert\source\repos\ISKI.IBKS\ISKI.IBKS.Infrastructure\RemoteApi\SAIS\Http\SaisApiClientBase.cs(65,21): error CS0103: 'LogCategory' adı geçerli bağlamda yok [c:\Users\Mert\source\repos\ISKI.IBKS\ISKI.IBKS.Infrastructure\ISKI.IBKS.Infrastructure.csproj]
c:\Users\Mert\source\repos\ISKI.IBKS\ISKI.IBKS.Infrastructure\RemoteApi\SAIS\Http\SaisApiClientBase.cs(75,17): error CS0103: 'LogCategory' adı geçerli bağlamda yok [c:\Users\Mert\source\repos\ISKI.IBKS\ISKI.IBKS.Infrastructure\ISKI.IBKS.Infrastructure.csproj]
c:\Users\Mert\source\repos\ISKI.IBKS\ISKI.IBKS.Infrastructure\Logging\DatabaseLogger.cs(72,33): error CS0234: 'LogLevel' tür veya ad alanı adı 'ISKI.IBKS.Domain.Entities' ad alanında yok (bir derleme başvurunuz mu eksik?) [c:\Users\Mert\source\repos\ISKI.IBKS\ISKI.IBKS.Infrastructure\ISKI.IBKS.Infrastructure.csproj]
c:\Users\Mert\source\repos\ISKI.IBKS\ISKI.IBKS.Infrastructure\Logging\DatabaseLogger.cs(74,71): error CS0234: 'LogLevel' tür veya ad alanı adı 'ISKI.IBKS.Domain.Entities' ad alanında yok (bir derleme başvurunuz mu eksik?) [c:\Users\Mert\source\repos\ISKI.IBKS\ISKI.IBKS.Infrastructure\ISKI.IBKS.Infrastructure.csproj]
c:\Users\Mert\source\repos\ISKI.IBKS\ISKI.IBKS.Infrastructure\Logging\DatabaseLogger.cs(75,68): error CS0234: 'LogLevel' tür veya ad alanı adı 'ISKI.IBKS.Domain.Entities' ad alanında yok (bir derleme başvurunuz mu eksik?) [c:\Users\Mert\source\repos\ISKI.IBKS\ISKI.IBKS.Infrastructure\ISKI.IBKS.Infrastructure.csproj]
c:\Users\Mert\source\repos\ISKI.IBKS\ISKI.IBKS.Infrastructure\Logging\DatabaseLogger.cs(76,70): error CS0234: 'LogLevel' tür veya ad alanı adı 'ISKI.IBKS.Domain.Entities' ad alanında yok (bir derleme başvurunuz mu eksik?) [c:\Users\Mert\source\repos\ISKI.IBKS\ISKI.IBKS.Infrastructure\ISKI.IBKS.Infrastructure.csproj]
c:\Users\Mert\source\repos\ISKI.IBKS\ISKI.IBKS.Infrastructure\Logging\DatabaseLogger.cs(77,74): error CS0234: 'LogLevel' tür veya ad alanı adı 'ISKI.IBKS.Domain.Entities' ad alanında yok (bir derleme başvurunuz mu eksik?) [c:\Users\Mert\source\repos\ISKI.IBKS\ISKI.IBKS.Infrastructure\ISKI.IBKS.Infrastructure.csproj]
c:\Users\Mert\source\repos\ISKI.IBKS\ISKI.IBKS.Infrastructure\Logging\DatabaseLogger.cs(78,26): error CS0234: 'LogLevel' tür veya ad alanı adı 'ISKI.IBKS.Domain.Entities' ad alanında yok (bir derleme başvurunuz mu eksik?) [c:\Users\Mert\source\repos\ISKI.IBKS\ISKI.IBKS.Infrastructure\ISKI.IBKS.Infrastructure.csproj]
c:\Users\Mert\source\repos\ISKI.IBKS\ISKI.IBKS.Infrastructure\Logging\DatabaseLogger.cs(83,109): error CS0117: 'LogCategory' bir 'Connection' tanımı içermiyor [c:\Users\Mert\source\repos\ISKI.IBKS\ISKI.IBKS.Infrastructure\ISKI.IBKS.Infrastructure.csproj]
c:\Users\Mert\source\repos\ISKI.IBKS\ISKI.IBKS.Infrastructure\Logging\DatabaseLogger.cs(84,121): error CS0117: 'LogCategory' bir 'Data' tanımı içermiyor [c:\Users\Mert\source\repos\ISKI.IBKS\ISKI.IBKS.Infrastructure\ISKI.IBKS.Infrastructure.csproj]
c:\Users\Mert\source\repos\ISKI.IBKS\ISKI.IBKS.Infrastructure\Logging\DatabaseLogger.cs(86,80): error CS0117: 'LogCategory' bir 'Connection' tanımı içermiyor [c:\Users\Mert\source\repos\ISKI.IBKS\ISKI.IBKS.Infrastructure\ISKI.IBKS.Infrastructure.csproj]
c:\Users\Mert\source\repos\ISKI.IBKS\ISKI.IBKS.Infrastructure\RemoteApi\SAIS\Http\SaisApiClientBase.cs(126,21): error CS0103: 'LogCategory' adı geçerli bağlamda yok [c:\Users\Mert\source\repos\ISKI.IBKS\ISKI.IBKS.Infrastructure\ISKI.IBKS.Infrastructure.csproj]
c:\Users\Mert\source\repos\ISKI.IBKS\ISKI.IBKS.Infrastructure\RemoteApi\SAIS\Http\SaisApiClientBase.cs(128,37): error CS1061: 'ISaisTicketProvider' bir 'InvalidateTicket' tanımı içermiyor ve 'ISaisTicketProvider' türünde bir ilk bağımsız değişken kabul eden hiçbir erişilebilir 'InvalidateTicket' genişletme yöntemi bulunamadı (bir kullanma yönergeniz veya derleme başvurunuz eksik olabilir mi?) [c:\Users\Mert\source\repos\ISKI.IBKS\ISKI.IBKS.Infrastructure\ISKI.IBKS.Infrastructure.csproj]
c:\Users\Mert\source\repos\ISKI.IBKS\ISKI.IBKS.Infrastructure\RemoteApi\SAIS\Http\SaisApiClientBase.cs(136,25): error CS0103: 'LogCategory' adı geçerli bağlamda yok [c:\Users\Mert\source\repos\ISKI.IBKS\ISKI.IBKS.Infrastructure\ISKI.IBKS.Infrastructure.csproj]
c:\Users\Mert\source\repos\ISKI.IBKS\ISKI.IBKS.Infrastructure\RemoteApi\SAIS\Http\SaisApiClientBase.cs(149,39): error CS0246: 'RemoteApiException' türü veya ad alanı adı bulunamadı (bir using yönergeniz veya derleme başvurunuz mu eksik?) [c:\Users\Mert\source\repos\ISKI.IBKS\ISKI.IBKS.Infrastructure\ISKI.IBKS.Infrastructure.csproj]
c:\Users\Mert\source\repos\ISKI.IBKS\ISKI.IBKS.Infrastructure\RemoteApi\SAIS\Http\SaisApiClientBase.cs(156,17): error CS0103: 'LogCategory' adı geçerli bağlamda yok [c:\Users\Mert\source\repos\ISKI.IBKS\ISKI.IBKS.Infrastructure\ISKI.IBKS.Infrastructure.csproj]
c:\Users\Mert\source\repos\ISKI.IBKS\ISKI.IBKS.Infrastructure\RemoteApi\SAIS\Http\SaisApiClientBase.cs(165,17): error CS0103: 'LogCategory' adı geçerli bağlamda yok [c:\Users\Mert\source\repos\ISKI.IBKS\ISKI.IBKS.Infrastructure\ISKI.IBKS.Infrastructure.csproj]
c:\Users\Mert\source\repos\ISKI.IBKS\ISKI.IBKS.Infrastructure\RemoteApi\SAIS\Http\SaisApiClientBase.cs(166,23): error CS0246: 'RemoteApiException' türü veya ad alanı adı bulunamadı (bir using yönergeniz veya derleme başvurunuz mu eksik?) [c:\Users\Mert\source\repos\ISKI.IBKS\ISKI.IBKS.Infrastructure\ISKI.IBKS.Infrastructure.csproj]
c:\Users\Mert\source\repos\ISKI.IBKS\ISKI.IBKS.Infrastructure\RemoteApi\SAIS\Http\SaisApiClientBase.cs(173,17): error CS0103: 'LogCategory' adı geçerli bağlamda yok [c:\Users\Mert\source\repos\ISKI.IBKS\ISKI.IBKS.Infrastructure\ISKI.IBKS.Infrastructure.csproj]
c:\Users\Mert\source\repos\ISKI.IBKS\ISKI.IBKS.Infrastructure\RemoteApi\SAIS\Http\SaisApiClientBase.cs(174,23): error CS0246: 'RemoteApiException' türü veya ad alanı adı bulunamadı (bir using yönergeniz veya derleme başvurunuz mu eksik?) [c:\Users\Mert\source\repos\ISKI.IBKS\ISKI.IBKS.Infrastructure\ISKI.IBKS.Infrastructure.csproj]
c:\Users\Mert\source\repos\ISKI.IBKS\ISKI.IBKS.Infrastructure\RemoteApi\SAIS\Http\SaisApiClientBase.cs(181,17): error CS0103: 'LogCategory' adı geçerli bağlamda yok [c:\Users\Mert\source\repos\ISKI.IBKS\ISKI.IBKS.Infrastructure\ISKI.IBKS.Infrastructure.csproj]
c:\Users\Mert\source\repos\ISKI.IBKS\ISKI.IBKS.Infrastructure\RemoteApi\SAIS\Http\SaisApiClientBase.cs(182,23): error CS0246: 'RemoteApiException' türü veya ad alanı adı bulunamadı (bir using yönergeniz veya derleme başvurunuz mu eksik?) [c:\Users\Mert\source\repos\ISKI.IBKS\ISKI.IBKS.Infrastructure\ISKI.IBKS.Infrastructure.csproj]
c:\Users\Mert\source\repos\ISKI.IBKS\ISKI.IBKS.Infrastructure\RemoteApi\SAIS\Http\SaisApiClientBase.cs(194,17): error CS0103: 'LogCategory' adı geçerli bağlamda yok [c:\Users\Mert\source\repos\ISKI.IBKS\ISKI.IBKS.Infrastructure\ISKI.IBKS.Infrastructure.csproj]
c:\Users\Mert\source\repos\ISKI.IBKS\ISKI.IBKS.Infrastructure\RemoteApi\SAIS\Http\SaisApiClientBase.cs(202,23): error CS0246: 'RemoteApiException' türü veya ad alanı adı bulunamadı (bir using yönergeniz veya derleme başvurunuz mu eksik?) [c:\Users\Mert\source\repos\ISKI.IBKS\ISKI.IBKS.Infrastructure\ISKI.IBKS.Infrastructure.csproj]
c:\Users\Mert\source\repos\ISKI.IBKS\ISKI.IBKS.Infrastructure\RemoteApi\SAIS\Http\SaisApiClient.cs(115,180): error CS0266: 'object' türü örtülü olarak 'bool' türüne dönüştürülemez. Açık bir dönüştürme var (eksik atamanız mı var?) [c:\Users\Mert\source\repos\ISKI.IBKS\ISKI.IBKS.Infrastructure\ISKI.IBKS.Infrastructure.csproj]
c:\Users\Mert\source\repos\ISKI.IBKS\ISKI.IBKS.Infrastructure\RemoteApi\SAIS\Http\SaisApiClient.cs(116,180): error CS0266: 'object' türü örtülü olarak 'bool' türüne dönüştürülemez. Açık bir dönüştürme var (eksik atamanız mı var?) [c:\Users\Mert\source\repos\ISKI.IBKS\ISKI.IBKS.Infrastructure\ISKI.IBKS.Infrastructure.csproj]
c:\Users\Mert\source\repos\ISKI.IBKS\ISKI.IBKS.Infrastructure\Services\Sql\SqlInstallationService.cs(23,34): warning CA1416: Bu çağrı sitesine tüm platformlarda ulaşılabilir. 'RegistryKey.OpenBaseKey(RegistryHive, RegistryView)' yalnızca şurada desteklenir: 'windows'. (https://learn.microsoft.com/dotnet/fundamentals/code-analysis/quality-rules/ca1416) [c:\Users\Mert\source\repos\ISKI.IBKS\ISKI.IBKS.Infrastructure\ISKI.IBKS.Infrastructure.csproj]
c:\Users\Mert\source\repos\ISKI.IBKS\ISKI.IBKS.Infrastructure\Services\Sql\SqlInstallationService.cs(23,58): warning CA1416: Bu çağrı sitesine tüm platformlarda ulaşılabilir. 'RegistryHive.LocalMachine' yalnızca şurada desteklenir: 'windows'. (https://learn.microsoft.com/dotnet/fundamentals/code-analysis/quality-rules/ca1416) [c:\Users\Mert\source\repos\ISKI.IBKS\ISKI.IBKS.Infrastructure\ISKI.IBKS.Infrastructure.csproj]
c:\Users\Mert\source\repos\ISKI.IBKS\ISKI.IBKS.Infrastructure\Services\Sql\SqlInstallationService.cs(31,30): warning CA1416: Bu çağrı sitesine tüm platformlarda ulaşılabilir. 'RegistryKey.OpenSubKey(string)' yalnızca şurada desteklenir: 'windows'. (https://learn.microsoft.com/dotnet/fundamentals/code-analysis/quality-rules/ca1416) [c:\Users\Mert\source\repos\ISKI.IBKS\ISKI.IBKS.Infrastructure\ISKI.IBKS.Infrastructure.csproj]
c:\Users\Mert\source\repos\ISKI.IBKS\ISKI.IBKS.Infrastructure\Services\Sql\SqlInstallationService.cs(24,30): warning CA1416: Bu çağrı sitesine tüm platformlarda ulaşılabilir. 'RegistryKey.OpenSubKey(string)' yalnızca şurada desteklenir: 'windows'. (https://learn.microsoft.com/dotnet/fundamentals/code-analysis/quality-rules/ca1416) [c:\Users\Mert\source\repos\ISKI.IBKS\ISKI.IBKS.Infrastructure\ISKI.IBKS.Infrastructure.csproj]
c:\Users\Mert\source\repos\ISKI.IBKS\ISKI.IBKS.Infrastructure\Services\Sql\SqlInstallationService.cs(23,85): warning CA1416: Bu çağrı sitesine tüm platformlarda ulaşılabilir. 'RegistryView.Registry64' yalnızca şurada desteklenir: 'windows'. (https://learn.microsoft.com/dotnet/fundamentals/code-analysis/quality-rules/ca1416) [c:\Users\Mert\source\repos\ISKI.IBKS\ISKI.IBKS.Infrastructure\ISKI.IBKS.Infrastructure.csproj]
c:\Users\Mert\source\repos\ISKI.IBKS\ISKI.IBKS.Infrastructure\Services\Sql\SqlInstallationService.cs(31,30): warning CA1416: Bu çağrı sitesine tüm platformlarda ulaşılabilir. 'Registry.LocalMachine' yalnızca şurada desteklenir: 'windows'. (https://learn.microsoft.com/dotnet/fundamentals/code-analysis/quality-rules/ca1416) [c:\Users\Mert\source\repos\ISKI.IBKS\ISKI.IBKS.Infrastructure\ISKI.IBKS.Infrastructure.csproj]
c:\Users\Mert\source\repos\ISKI.IBKS\ISKI.IBKS.Infrastructure\Services\Sql\SqlInstallationService.cs(360,25): warning CA1416: Bu çağrı sitesine tüm platformlarda ulaşılabilir. 'RegistryKey.GetValueNames()' yalnızca şurada desteklenir: 'windows'. (https://learn.microsoft.com/dotnet/fundamentals/code-analysis/quality-rules/ca1416) [c:\Users\Mert\source\repos\ISKI.IBKS\ISKI.IBKS.Infrastructure\ISKI.IBKS.Infrastructure.csproj]
c:\Users\Mert\source\repos\ISKI.IBKS\ISKI.IBKS.Infrastructure\Services\Sql\SqlCheckService.cs(26,34): warning CA1416: Bu çağrı sitesine tüm platformlarda ulaşılabilir. 'RegistryKey.OpenBaseKey(RegistryHive, RegistryView)' yalnızca şurada desteklenir: 'windows'. (https://learn.microsoft.com/dotnet/fundamentals/code-analysis/quality-rules/ca1416) [c:\Users\Mert\source\repos\ISKI.IBKS\ISKI.IBKS.Infrastructure\ISKI.IBKS.Infrastructure.csproj]
c:\Users\Mert\source\repos\ISKI.IBKS\ISKI.IBKS.Infrastructure\Services\Sql\SqlCheckService.cs(13,30): warning CA1416: Bu çağrı sitesine tüm platformlarda ulaşılabilir. 'Registry.LocalMachine' yalnızca şurada desteklenir: 'windows'. (https://learn.microsoft.com/dotnet/fundamentals/code-analysis/quality-rules/ca1416) [c:\Users\Mert\source\repos\ISKI.IBKS\ISKI.IBKS.Infrastructure\ISKI.IBKS.Infrastructure.csproj]
c:\Users\Mert\source\repos\ISKI.IBKS\ISKI.IBKS.Infrastructure\Services\Sql\SqlCheckService.cs(26,58): warning CA1416: Bu çağrı sitesine tüm platformlarda ulaşılabilir. 'RegistryHive.LocalMachine' yalnızca şurada desteklenir: 'windows'. (https://learn.microsoft.com/dotnet/fundamentals/code-analysis/quality-rules/ca1416) [c:\Users\Mert\source\repos\ISKI.IBKS\ISKI.IBKS.Infrastructure\ISKI.IBKS.Infrastructure.csproj]
c:\Users\Mert\source\repos\ISKI.IBKS\ISKI.IBKS.Infrastructure\Services\Sql\SqlCheckService.cs(31,37): warning CA1416: Bu çağrı sitesine tüm platformlarda ulaşılabilir. 'RegistryKey.GetValueNames()' yalnızca şurada desteklenir: 'windows'. (https://learn.microsoft.com/dotnet/fundamentals/code-analysis/quality-rules/ca1416) [c:\Users\Mert\source\repos\ISKI.IBKS\ISKI.IBKS.Infrastructure\ISKI.IBKS.Infrastructure.csproj]
c:\Users\Mert\source\repos\ISKI.IBKS\ISKI.IBKS.Infrastructure\Services\Sql\SqlCheckService.cs(26,85): warning CA1416: Bu çağrı sitesine tüm platformlarda ulaşılabilir. 'RegistryView.Registry64' yalnızca şurada desteklenir: 'windows'. (https://learn.microsoft.com/dotnet/fundamentals/code-analysis/quality-rules/ca1416) [c:\Users\Mert\source\repos\ISKI.IBKS\ISKI.IBKS.Infrastructure\ISKI.IBKS.Infrastructure.csproj]
c:\Users\Mert\source\repos\ISKI.IBKS\ISKI.IBKS.Infrastructure\Services\Sql\SqlCheckService.cs(17,37): warning CA1416: Bu çağrı sitesine tüm platformlarda ulaşılabilir. 'RegistryKey.GetValueNames()' yalnızca şurada desteklenir: 'windows'. (https://learn.microsoft.com/dotnet/fundamentals/code-analysis/quality-rules/ca1416) [c:\Users\Mert\source\repos\ISKI.IBKS\ISKI.IBKS.Infrastructure\ISKI.IBKS.Infrastructure.csproj]
c:\Users\Mert\source\repos\ISKI.IBKS\ISKI.IBKS.Infrastructure\Services\Sql\SqlCheckService.cs(13,30): warning CA1416: Bu çağrı sitesine tüm platformlarda ulaşılabilir. 'RegistryKey.OpenSubKey(string)' yalnızca şurada desteklenir: 'windows'. (https://learn.microsoft.com/dotnet/fundamentals/code-analysis/quality-rules/ca1416) [c:\Users\Mert\source\repos\ISKI.IBKS\ISKI.IBKS.Infrastructure\ISKI.IBKS.Infrastructure.csproj]
c:\Users\Mert\source\repos\ISKI.IBKS\ISKI.IBKS.Infrastructure\Services\Sql\SqlCheckService.cs(27,30): warning CA1416: Bu çağrı sitesine tüm platformlarda ulaşılabilir. 'RegistryKey.OpenSubKey(string)' yalnızca şurada desteklenir: 'windows'. (https://learn.microsoft.com/dotnet/fundamentals/code-analysis/quality-rules/ca1416) [c:\Users\Mert\source\repos\ISKI.IBKS\ISKI.IBKS.Infrastructure\ISKI.IBKS.Infrastructure.csproj]

Oluşturma BAŞARISIZ OLDU.

c:\Users\Mert\source\repos\ISKI.IBKS\ISKI.IBKS.Infrastructure\DependencyInjection.cs(7,7): warning CS0105: 'ISKI.IBKS.Infrastructure.Services.Mail' için using yönergesi bu ad alanında daha önce göründü [c:\Users\Mert\source\repos\ISKI.IBKS\ISKI.IBKS.Infrastructure\ISKI.IBKS.Infrastructure.csproj]
c:\Users\Mert\source\repos\ISKI.IBKS\ISKI.IBKS.Infrastructure\DependencyInjection.cs(10,7): warning CS0105: 'ISKI.IBKS.Application.Common.IoT.Plc' için using yönergesi bu ad alanında daha önce göründü [c:\Users\Mert\source\repos\ISKI.IBKS\ISKI.IBKS.Infrastructure\ISKI.IBKS.Infrastructure.csproj]
c:\Users\Mert\source\repos\ISKI.IBKS\ISKI.IBKS.Infrastructure\RemoteApi\SAIS\Providers\SaisStatusProvider.cs(2,7): warning CS0105: 'ISKI.IBKS.Application.Common.RemoteApi.SAIS' için using yönergesi bu ad alanında daha önce göründü [c:\Users\Mert\source\repos\ISKI.IBKS\ISKI.IBKS.Infrastructure\ISKI.IBKS.Infrastructure.csproj]
c:\Users\Mert\source\repos\ISKI.IBKS\ISKI.IBKS.Infrastructure\RemoteApi\SAIS\Providers\SaisStatusProvider.cs(3,7): warning CS0105: 'ISKI.IBKS.Application.Common.RemoteApi.SAIS' için using yönergesi bu ad alanında daha önce göründü [c:\Users\Mert\source\repos\ISKI.IBKS\ISKI.IBKS.Infrastructure\ISKI.IBKS.Infrastructure.csproj]
c:\Users\Mert\source\repos\ISKI.IBKS\ISKI.IBKS.Infrastructure\RemoteApi\SAIS\Providers\TicketProvider.cs(2,7): warning CS0105: 'ISKI.IBKS.Application.Common.RemoteApi.SAIS' için using yönergesi bu ad alanında daha önce göründü [c:\Users\Mert\source\repos\ISKI.IBKS\ISKI.IBKS.Infrastructure\ISKI.IBKS.Infrastructure.csproj]
c:\Users\Mert\source\repos\ISKI.IBKS\ISKI.IBKS.Infrastructure\RemoteApi\SAIS\Providers\TicketProvider.cs(3,7): warning CS0105: 'ISKI.IBKS.Application.Common.RemoteApi.SAIS' için using yönergesi bu ad alanında daha önce göründü [c:\Users\Mert\source\repos\ISKI.IBKS\ISKI.IBKS.Infrastructure\ISKI.IBKS.Infrastructure.csproj]
c:\Users\Mert\source\repos\ISKI.IBKS\ISKI.IBKS.Infrastructure\Services\Sql\SqlInstallationService.cs(23,34): warning CA1416: Bu çağrı sitesine tüm platformlarda ulaşılabilir. 'RegistryKey.OpenBaseKey(RegistryHive, RegistryView)' yalnızca şurada desteklenir: 'windows'. (https://learn.microsoft.com/dotnet/fundamentals/code-analysis/quality-rules/ca1416) [c:\Users\Mert\source\repos\ISKI.IBKS\ISKI.IBKS.Infrastructure\ISKI.IBKS.Infrastructure.csproj]
c:\Users\Mert\source\repos\ISKI.IBKS\ISKI.IBKS.Infrastructure\Services\Sql\SqlInstallationService.cs(23,58): warning CA1416: Bu çağrı sitesine tüm platformlarda ulaşılabilir. 'RegistryHive.LocalMachine' yalnızca şurada desteklenir: 'windows'. (https://learn.microsoft.com/dotnet/fundamentals/code-analysis/quality-rules/ca1416) [c:\Users\Mert\source\repos\ISKI.IBKS\ISKI.IBKS.Infrastructure\ISKI.IBKS.Infrastructure.csproj]
c:\Users\Mert\source\repos\ISKI.IBKS\ISKI.IBKS.Infrastructure\Services\Sql\SqlInstallationService.cs(31,30): warning CA1416: Bu çağrı sitesine tüm platformlarda ulaşılabilir. 'RegistryKey.OpenSubKey(string)' yalnızca şurada desteklenir: 'windows'. (https://learn.microsoft.com/dotnet/fundamentals/code-analysis/quality-rules/ca1416) [c:\Users\Mert\source\repos\ISKI.IBKS\ISKI.IBKS.Infrastructure\ISKI.IBKS.Infrastructure.csproj]
c:\Users\Mert\source\repos\ISKI.IBKS\ISKI.IBKS.Infrastructure\Services\Sql\SqlInstallationService.cs(24,30): warning CA1416: Bu çağrı sitesine tüm platformlarda ulaşılabilir. 'RegistryKey.OpenSubKey(string)' yalnızca şurada desteklenir: 'windows'. (https://learn.microsoft.com/dotnet/fundamentals/code-analysis/quality-rules/ca1416) [c:\Users\Mert\source\repos\ISKI.IBKS\ISKI.IBKS.Infrastructure\ISKI.IBKS.Infrastructure.csproj]
c:\Users\Mert\source\repos\ISKI.IBKS\ISKI.IBKS.Infrastructure\Services\Sql\SqlInstallationService.cs(23,85): warning CA1416: Bu çağrı sitesine tüm platformlarda ulaşılabilir. 'RegistryView.Registry64' yalnızca şurada desteklenir: 'windows'. (https://learn.microsoft.com/dotnet/fundamentals/code-analysis/quality-rules/ca1416) [c:\Users\Mert\source\repos\ISKI.IBKS\ISKI.IBKS.Infrastructure\ISKI.IBKS.Infrastructure.csproj]
c:\Users\Mert\source\repos\ISKI.IBKS\ISKI.IBKS.Infrastructure\Services\Sql\SqlInstallationService.cs(31,30): warning CA1416: Bu çağrı sitesine tüm platformlarda ulaşılabilir. 'Registry.LocalMachine' yalnızca şurada desteklenir: 'windows'. (https://learn.microsoft.com/dotnet/fundamentals/code-analysis/quality-rules/ca1416) [c:\Users\Mert\source\repos\ISKI.IBKS\ISKI.IBKS.Infrastructure\ISKI.IBKS.Infrastructure.csproj]
c:\Users\Mert\source\repos\ISKI.IBKS\ISKI.IBKS.Infrastructure\Services\Sql\SqlInstallationService.cs(360,25): warning CA1416: Bu çağrı sitesine tüm platformlarda ulaşılabilir. 'RegistryKey.GetValueNames()' yalnızca şurada desteklenir: 'windows'. (https://learn.microsoft.com/dotnet/fundamentals/code-analysis/quality-rules/ca1416) [c:\Users\Mert\source\repos\ISKI.IBKS\ISKI.IBKS.Infrastructure\ISKI.IBKS.Infrastructure.csproj]
c:\Users\Mert\source\repos\ISKI.IBKS\ISKI.IBKS.Infrastructure\Services\Sql\SqlCheckService.cs(26,34): warning CA1416: Bu çağrı sitesine tüm platformlarda ulaşılabilir. 'RegistryKey.OpenBaseKey(RegistryHive, RegistryView)' yalnızca şurada desteklenir: 'windows'. (https://learn.microsoft.com/dotnet/fundamentals/code-analysis/quality-rules/ca1416) [c:\Users\Mert\source\repos\ISKI.IBKS\ISKI.IBKS.Infrastructure\ISKI.IBKS.Infrastructure.csproj]
c:\Users\Mert\source\repos\ISKI.IBKS\ISKI.IBKS.Infrastructure\Services\Sql\SqlCheckService.cs(13,30): warning CA1416: Bu çağrı sitesine tüm platformlarda ulaşılabilir. 'Registry.LocalMachine' yalnızca şurada desteklenir: 'windows'. (https://learn.microsoft.com/dotnet/fundamentals/code-analysis/quality-rules/ca1416) [c:\Users\Mert\source\repos\ISKI.IBKS\ISKI.IBKS.Infrastructure\ISKI.IBKS.Infrastructure.csproj]
c:\Users\Mert\source\repos\ISKI.IBKS\ISKI.IBKS.Infrastructure\Services\Sql\SqlCheckService.cs(26,58): warning CA1416: Bu çağrı sitesine tüm platformlarda ulaşılabilir. 'RegistryHive.LocalMachine' yalnızca şurada desteklenir: 'windows'. (https://learn.microsoft.com/dotnet/fundamentals/code-analysis/quality-rules/ca1416) [c:\Users\Mert\source\repos\ISKI.IBKS\ISKI.IBKS.Infrastructure\ISKI.IBKS.Infrastructure.csproj]
c:\Users\Mert\source\repos\ISKI.IBKS\ISKI.IBKS.Infrastructure\Services\Sql\SqlCheckService.cs(31,37): warning CA1416: Bu çağrı sitesine tüm platformlarda ulaşılabilir. 'RegistryKey.GetValueNames()' yalnızca şurada desteklenir: 'windows'. (https://learn.microsoft.com/dotnet/fundamentals/code-analysis/quality-rules/ca1416) [c:\Users\Mert\source\repos\ISKI.IBKS\ISKI.IBKS.Infrastructure\ISKI.IBKS.Infrastructure.csproj]
c:\Users\Mert\source\repos\ISKI.IBKS\ISKI.IBKS.Infrastructure\Services\Sql\SqlCheckService.cs(26,85): warning CA1416: Bu çağrı sitesine tüm platformlarda ulaşılabilir. 'RegistryView.Registry64' yalnızca şurada desteklenir: 'windows'. (https://learn.microsoft.com/dotnet/fundamentals/code-analysis/quality-rules/ca1416) [c:\Users\Mert\source\repos\ISKI.IBKS\ISKI.IBKS.Infrastructure\ISKI.IBKS.Infrastructure.csproj]
c:\Users\Mert\source\repos\ISKI.IBKS\ISKI.IBKS.Infrastructure\Services\Sql\SqlCheckService.cs(17,37): warning CA1416: Bu çağrı sitesine tüm platformlarda ulaşılabilir. 'RegistryKey.GetValueNames()' yalnızca şurada desteklenir: 'windows'. (https://learn.microsoft.com/dotnet/fundamentals/code-analysis/quality-rules/ca1416) [c:\Users\Mert\source\repos\ISKI.IBKS\ISKI.IBKS.Infrastructure\ISKI.IBKS.Infrastructure.csproj]
c:\Users\Mert\source\repos\ISKI.IBKS\ISKI.IBKS.Infrastructure\Services\Sql\SqlCheckService.cs(13,30): warning CA1416: Bu çağrı sitesine tüm platformlarda ulaşılabilir. 'RegistryKey.OpenSubKey(string)' yalnızca şurada desteklenir: 'windows'. (https://learn.microsoft.com/dotnet/fundamentals/code-analysis/quality-rules/ca1416) [c:\Users\Mert\source\repos\ISKI.IBKS\ISKI.IBKS.Infrastructure\ISKI.IBKS.Infrastructure.csproj]
c:\Users\Mert\source\repos\ISKI.IBKS\ISKI.IBKS.Infrastructure\Services\Sql\SqlCheckService.cs(27,30): warning CA1416: Bu çağrı sitesine tüm platformlarda ulaşılabilir. 'RegistryKey.OpenSubKey(string)' yalnızca şurada desteklenir: 'windows'. (https://learn.microsoft.com/dotnet/fundamentals/code-analysis/quality-rules/ca1416) [c:\Users\Mert\source\repos\ISKI.IBKS\ISKI.IBKS.Infrastructure\ISKI.IBKS.Infrastructure.csproj]
c:\Users\Mert\source\repos\ISKI.IBKS\ISKI.IBKS.Infrastructure\IoT\Plc\Client\Sharp7\Sharp7Client.cs(14,40): error CS1955: Çağrılamaz üye 'S7Client.Connected' yöntem gibi kullanılamaz. [c:\Users\Mert\source\repos\ISKI.IBKS\ISKI.IBKS.Infrastructure\ISKI.IBKS.Infrastructure.csproj]
c:\Users\Mert\source\repos\ISKI.IBKS\ISKI.IBKS.Infrastructure\BackgroundServices\PlcPollingWorker.cs(58,58): error CS1061: 'IStationConfiguration' bir 'PlcIp' tanımı içermiyor ve 'IStationConfiguration' türünde bir ilk bağımsız değişken kabul eden hiçbir erişilebilir 'PlcIp' genişletme yöntemi bulunamadı (bir kullanma yönergeniz veya derleme başvurunuz eksik olabilir mi?) [c:\Users\Mert\source\repos\ISKI.IBKS\ISKI.IBKS.Infrastructure\ISKI.IBKS.Infrastructure.csproj]
c:\Users\Mert\source\repos\ISKI.IBKS\ISKI.IBKS.Infrastructure\BackgroundServices\PlcPollingWorker.cs(58,80): error CS1061: 'IStationConfiguration' bir 'PlcRack' tanımı içermiyor ve 'IStationConfiguration' türünde bir ilk bağımsız değişken kabul eden hiçbir erişilebilir 'PlcRack' genişletme yöntemi bulunamadı (bir kullanma yönergeniz veya derleme başvurunuz eksik olabilir mi?) [c:\Users\Mert\source\repos\ISKI.IBKS\ISKI.IBKS.Infrastructure\ISKI.IBKS.Infrastructure.csproj]
c:\Users\Mert\source\repos\ISKI.IBKS\ISKI.IBKS.Infrastructure\BackgroundServices\PlcPollingWorker.cs(58,104): error CS1061: 'IStationConfiguration' bir 'PlcSlot' tanımı içermiyor ve 'IStationConfiguration' türünde bir ilk bağımsız değişken kabul eden hiçbir erişilebilir 'PlcSlot' genişletme yöntemi bulunamadı (bir kullanma yönergeniz veya derleme başvurunuz eksik olabilir mi?) [c:\Users\Mert\source\repos\ISKI.IBKS\ISKI.IBKS.Infrastructure\ISKI.IBKS.Infrastructure.csproj]
c:\Users\Mert\source\repos\ISKI.IBKS\ISKI.IBKS.Infrastructure\BackgroundServices\SampleOrchestrator.cs(76,37): error CS0103: 'SampleStatus' adı geçerli bağlamda yok [c:\Users\Mert\source\repos\ISKI.IBKS\ISKI.IBKS.Infrastructure\ISKI.IBKS.Infrastructure.csproj]
c:\Users\Mert\source\repos\ISKI.IBKS\ISKI.IBKS.Infrastructure\DependencyInjection.cs(38,28): error CS0246: 'UiMappingOptions' türü veya ad alanı adı bulunamadı (bir using yönergeniz veya derleme başvurunuz mu eksik?) [c:\Users\Mert\source\repos\ISKI.IBKS\ISKI.IBKS.Infrastructure\ISKI.IBKS.Infrastructure.csproj]
c:\Users\Mert\source\repos\ISKI.IBKS\ISKI.IBKS.Infrastructure\DependencyInjection.cs(42,18): error CS1061: 'IServiceCollection' bir 'AddPersistence' tanımı içermiyor ve 'IServiceCollection' türünde bir ilk bağımsız değişken kabul eden hiçbir erişilebilir 'AddPersistence' genişletme yöntemi bulunamadı (bir kullanma yönergeniz veya derleme başvurunuz eksik olabilir mi?) [c:\Users\Mert\source\repos\ISKI.IBKS\ISKI.IBKS.Infrastructure\ISKI.IBKS.Infrastructure.csproj]
c:\Users\Mert\source\repos\ISKI.IBKS\ISKI.IBKS.Infrastructure\DependencyInjection.cs(96,53): error CS0246: 'StationRuntimeState' türü veya ad alanı adı bulunamadı (bir using yönergeniz veya derleme başvurunuz mu eksik?) [c:\Users\Mert\source\repos\ISKI.IBKS\ISKI.IBKS.Infrastructure\ISKI.IBKS.Infrastructure.csproj]
c:\Users\Mert\source\repos\ISKI.IBKS\ISKI.IBKS.Infrastructure\BackgroundServices\SampleOrchestrator.cs(136,66): error CS1061: 'PlcSettings' bir 'IpAddress' tanımı içermiyor ve 'PlcSettings' türünde bir ilk bağımsız değişken kabul eden hiçbir erişilebilir 'IpAddress' genişletme yöntemi bulunamadı (bir kullanma yönergeniz veya derleme başvurunuz eksik olabilir mi?) [c:\Users\Mert\source\repos\ISKI.IBKS\ISKI.IBKS.Infrastructure\ISKI.IBKS.Infrastructure.csproj]
c:\Users\Mert\source\repos\ISKI.IBKS\ISKI.IBKS.Infrastructure\BackgroundServices\SampleOrchestrator.cs(136,96): error CS1061: 'PlcSettings' bir 'Rack' tanımı içermiyor ve 'PlcSettings' türünde bir ilk bağımsız değişken kabul eden hiçbir erişilebilir 'Rack' genişletme yöntemi bulunamadı (bir kullanma yönergeniz veya derleme başvurunuz eksik olabilir mi?) [c:\Users\Mert\source\repos\ISKI.IBKS\ISKI.IBKS.Infrastructure\ISKI.IBKS.Infrastructure.csproj]
c:\Users\Mert\source\repos\ISKI.IBKS\ISKI.IBKS.Infrastructure\BackgroundServices\SampleOrchestrator.cs(136,121): error CS1061: 'PlcSettings' bir 'Slot' tanımı içermiyor ve 'PlcSettings' türünde bir ilk bağımsız değişken kabul eden hiçbir erişilebilir 'Slot' genişletme yöntemi bulunamadı (bir kullanma yönergeniz veya derleme başvurunuz eksik olabilir mi?) [c:\Users\Mert\source\repos\ISKI.IBKS\ISKI.IBKS.Infrastructure\ISKI.IBKS.Infrastructure.csproj]
c:\Users\Mert\source\repos\ISKI.IBKS\ISKI.IBKS.Infrastructure\RemoteApi\SAIS\Http\SaisAuthClient.cs(15,61): error CS1503: 4 bağımsız değişkeni: 'ISKI.IBKS.Infrastructure.Logging.IApplicationLogger' öğesinden 'Microsoft.Extensions.Logging.ILogger<ISKI.IBKS.Infrastructure.RemoteApi.SAIS.Http.SaisApiClientBase>' öğesine dönüştürülemiyor [c:\Users\Mert\source\repos\ISKI.IBKS\ISKI.IBKS.Infrastructure\ISKI.IBKS.Infrastructure.csproj]
c:\Users\Mert\source\repos\ISKI.IBKS\ISKI.IBKS.Infrastructure\Services\Configuration\StationConfigurationService.cs(42,9): error CS0117: 'PlcSettings' bir 'IpAddress' tanımı içermiyor [c:\Users\Mert\source\repos\ISKI.IBKS\ISKI.IBKS.Infrastructure\ISKI.IBKS.Infrastructure.csproj]
c:\Users\Mert\source\repos\ISKI.IBKS\ISKI.IBKS.Infrastructure\Services\Configuration\StationConfigurationService.cs(43,9): error CS0117: 'PlcSettings' bir 'Rack' tanımı içermiyor [c:\Users\Mert\source\repos\ISKI.IBKS\ISKI.IBKS.Infrastructure\ISKI.IBKS.Infrastructure.csproj]
c:\Users\Mert\source\repos\ISKI.IBKS\ISKI.IBKS.Infrastructure\Services\Configuration\StationConfigurationService.cs(44,9): error CS0117: 'PlcSettings' bir 'Slot' tanımı içermiyor [c:\Users\Mert\source\repos\ISKI.IBKS\ISKI.IBKS.Infrastructure\ISKI.IBKS.Infrastructure.csproj]
c:\Users\Mert\source\repos\ISKI.IBKS\ISKI.IBKS.Infrastructure\RemoteApi\SAIS\Http\SaisApiClientBase.cs(55,13): error CS0103: 'LogCategory' adı geçerli bağlamda yok [c:\Users\Mert\source\repos\ISKI.IBKS\ISKI.IBKS.Infrastructure\ISKI.IBKS.Infrastructure.csproj]
c:\Users\Mert\source\repos\ISKI.IBKS\ISKI.IBKS.Infrastructure\RemoteApi\SAIS\Http\SaisApiClientBase.cs(65,21): error CS0103: 'LogCategory' adı geçerli bağlamda yok [c:\Users\Mert\source\repos\ISKI.IBKS\ISKI.IBKS.Infrastructure\ISKI.IBKS.Infrastructure.csproj]
c:\Users\Mert\source\repos\ISKI.IBKS\ISKI.IBKS.Infrastructure\RemoteApi\SAIS\Http\SaisApiClientBase.cs(75,17): error CS0103: 'LogCategory' adı geçerli bağlamda yok [c:\Users\Mert\source\repos\ISKI.IBKS\ISKI.IBKS.Infrastructure\ISKI.IBKS.Infrastructure.csproj]
c:\Users\Mert\source\repos\ISKI.IBKS\ISKI.IBKS.Infrastructure\Logging\DatabaseLogger.cs(72,33): error CS0234: 'LogLevel' tür veya ad alanı adı 'ISKI.IBKS.Domain.Entities' ad alanında yok (bir derleme başvurunuz mu eksik?) [c:\Users\Mert\source\repos\ISKI.IBKS\ISKI.IBKS.Infrastructure\ISKI.IBKS.Infrastructure.csproj]
c:\Users\Mert\source\repos\ISKI.IBKS\ISKI.IBKS.Infrastructure\Logging\DatabaseLogger.cs(74,71): error CS0234: 'LogLevel' tür veya ad alanı adı 'ISKI.IBKS.Domain.Entities' ad alanında yok (bir derleme başvurunuz mu eksik?) [c:\Users\Mert\source\repos\ISKI.IBKS\ISKI.IBKS.Infrastructure\ISKI.IBKS.Infrastructure.csproj]
c:\Users\Mert\source\repos\ISKI.IBKS\ISKI.IBKS.Infrastructure\Logging\DatabaseLogger.cs(75,68): error CS0234: 'LogLevel' tür veya ad alanı adı 'ISKI.IBKS.Domain.Entities' ad alanında yok (bir derleme başvurunuz mu eksik?) [c:\Users\Mert\source\repos\ISKI.IBKS\ISKI.IBKS.Infrastructure\ISKI.IBKS.Infrastructure.csproj]
c:\Users\Mert\source\repos\ISKI.IBKS\ISKI.IBKS.Infrastructure\Logging\DatabaseLogger.cs(76,70): error CS0234: 'LogLevel' tür veya ad alanı adı 'ISKI.IBKS.Domain.Entities' ad alanında yok (bir derleme başvurunuz mu eksik?) [c:\Users\Mert\source\repos\ISKI.IBKS\ISKI.IBKS.Infrastructure\ISKI.IBKS.Infrastructure.csproj]
c:\Users\Mert\source\repos\ISKI.IBKS\ISKI.IBKS.Infrastructure\Logging\DatabaseLogger.cs(77,74): error CS0234: 'LogLevel' tür veya ad alanı adı 'ISKI.IBKS.Domain.Entities' ad alanında yok (bir derleme başvurunuz mu eksik?) [c:\Users\Mert\source\repos\ISKI.IBKS\ISKI.IBKS.Infrastructure\ISKI.IBKS.Infrastructure.csproj]
c:\Users\Mert\source\repos\ISKI.IBKS\ISKI.IBKS.Infrastructure\Logging\DatabaseLogger.cs(78,26): error CS0234: 'LogLevel' tür veya ad alanı adı 'ISKI.IBKS.Domain.Entities' ad alanında yok (bir derleme başvurunuz mu eksik?) [c:\Users\Mert\source\repos\ISKI.IBKS\ISKI.IBKS.Infrastructure\ISKI.IBKS.Infrastructure.csproj]
c:\Users\Mert\source\repos\ISKI.IBKS\ISKI.IBKS.Infrastructure\Logging\DatabaseLogger.cs(83,109): error CS0117: 'LogCategory' bir 'Connection' tanımı içermiyor [c:\Users\Mert\source\repos\ISKI.IBKS\ISKI.IBKS.Infrastructure\ISKI.IBKS.Infrastructure.csproj]
c:\Users\Mert\source\repos\ISKI.IBKS\ISKI.IBKS.Infrastructure\Logging\DatabaseLogger.cs(84,121): error CS0117: 'LogCategory' bir 'Data' tanımı içermiyor [c:\Users\Mert\source\repos\ISKI.IBKS\ISKI.IBKS.Infrastructure\ISKI.IBKS.Infrastructure.csproj]
c:\Users\Mert\source\repos\ISKI.IBKS\ISKI.IBKS.Infrastructure\Logging\DatabaseLogger.cs(86,80): error CS0117: 'LogCategory' bir 'Connection' tanımı içermiyor [c:\Users\Mert\source\repos\ISKI.IBKS\ISKI.IBKS.Infrastructure\ISKI.IBKS.Infrastructure.csproj]
c:\Users\Mert\source\repos\ISKI.IBKS\ISKI.IBKS.Infrastructure\RemoteApi\SAIS\Http\SaisApiClientBase.cs(126,21): error CS0103: 'LogCategory' adı geçerli bağlamda yok [c:\Users\Mert\source\repos\ISKI.IBKS\ISKI.IBKS.Infrastructure\ISKI.IBKS.Infrastructure.csproj]
c:\Users\Mert\source\repos\ISKI.IBKS\ISKI.IBKS.Infrastructure\RemoteApi\SAIS\Http\SaisApiClientBase.cs(128,37): error CS1061: 'ISaisTicketProvider' bir 'InvalidateTicket' tanımı içermiyor ve 'ISaisTicketProvider' türünde bir ilk bağımsız değişken kabul eden hiçbir erişilebilir 'InvalidateTicket' genişletme yöntemi bulunamadı (bir kullanma yönergeniz veya derleme başvurunuz eksik olabilir mi?) [c:\Users\Mert\source\repos\ISKI.IBKS\ISKI.IBKS.Infrastructure\ISKI.IBKS.Infrastructure.csproj]
c:\Users\Mert\source\repos\ISKI.IBKS\ISKI.IBKS.Infrastructure\RemoteApi\SAIS\Http\SaisApiClientBase.cs(136,25): error CS0103: 'LogCategory' adı geçerli bağlamda yok [c:\Users\Mert\source\repos\ISKI.IBKS\ISKI.IBKS.Infrastructure\ISKI.IBKS.Infrastructure.csproj]
c:\Users\Mert\source\repos\ISKI.IBKS\ISKI.IBKS.Infrastructure\RemoteApi\SAIS\Http\SaisApiClientBase.cs(149,39): error CS0246: 'RemoteApiException' türü veya ad alanı adı bulunamadı (bir using yönergeniz veya derleme başvurunuz mu eksik?) [c:\Users\Mert\source\repos\ISKI.IBKS\ISKI.IBKS.Infrastructure\ISKI.IBKS.Infrastructure.csproj]
c:\Users\Mert\source\repos\ISKI.IBKS\ISKI.IBKS.Infrastructure\RemoteApi\SAIS\Http\SaisApiClientBase.cs(156,17): error CS0103: 'LogCategory' adı geçerli bağlamda yok [c:\Users\Mert\source\repos\ISKI.IBKS\ISKI.IBKS.Infrastructure\ISKI.IBKS.Infrastructure.csproj]
c:\Users\Mert\source\repos\ISKI.IBKS\ISKI.IBKS.Infrastructure\RemoteApi\SAIS\Http\SaisApiClientBase.cs(165,17): error CS0103: 'LogCategory' adı geçerli bağlamda yok [c:\Users\Mert\source\repos\ISKI.IBKS\ISKI.IBKS.Infrastructure\ISKI.IBKS.Infrastructure.csproj]
c:\Users\Mert\source\repos\ISKI.IBKS\ISKI.IBKS.Infrastructure\RemoteApi\SAIS\Http\SaisApiClientBase.cs(166,23): error CS0246: 'RemoteApiException' türü veya ad alanı adı bulunamadı (bir using yönergeniz veya derleme başvurunuz mu eksik?) [c:\Users\Mert\source\repos\ISKI.IBKS\ISKI.IBKS.Infrastructure\ISKI.IBKS.Infrastructure.csproj]
c:\Users\Mert\source\repos\ISKI.IBKS\ISKI.IBKS.Infrastructure\RemoteApi\SAIS\Http\SaisApiClientBase.cs(173,17): error CS0103: 'LogCategory' adı geçerli bağlamda yok [c:\Users\Mert\source\repos\ISKI.IBKS\ISKI.IBKS.Infrastructure\ISKI.IBKS.Infrastructure.csproj]
c:\Users\Mert\source\repos\ISKI.IBKS\ISKI.IBKS.Infrastructure\RemoteApi\SAIS\Http\SaisApiClientBase.cs(174,23): error CS0246: 'RemoteApiException' türü veya ad alanı adı bulunamadı (bir using yönergeniz veya derleme başvurunuz mu eksik?) [c:\Users\Mert\source\repos\ISKI.IBKS\ISKI.IBKS.Infrastructure\ISKI.IBKS.Infrastructure.csproj]
c:\Users\Mert\source\repos\ISKI.IBKS\ISKI.IBKS.Infrastructure\RemoteApi\SAIS\Http\SaisApiClientBase.cs(181,17): error CS0103: 'LogCategory' adı geçerli bağlamda yok [c:\Users\Mert\source\repos\ISKI.IBKS\ISKI.IBKS.Infrastructure\ISKI.IBKS.Infrastructure.csproj]
c:\Users\Mert\source\repos\ISKI.IBKS\ISKI.IBKS.Infrastructure\RemoteApi\SAIS\Http\SaisApiClientBase.cs(182,23): error CS0246: 'RemoteApiException' türü veya ad alanı adı bulunamadı (bir using yönergeniz veya derleme başvurunuz mu eksik?) [c:\Users\Mert\source\repos\ISKI.IBKS\ISKI.IBKS.Infrastructure\ISKI.IBKS.Infrastructure.csproj]
c:\Users\Mert\source\repos\ISKI.IBKS\ISKI.IBKS.Infrastructure\RemoteApi\SAIS\Http\SaisApiClientBase.cs(194,17): error CS0103: 'LogCategory' adı geçerli bağlamda yok [c:\Users\Mert\source\repos\ISKI.IBKS\ISKI.IBKS.Infrastructure\ISKI.IBKS.Infrastructure.csproj]
c:\Users\Mert\source\repos\ISKI.IBKS\ISKI.IBKS.Infrastructure\RemoteApi\SAIS\Http\SaisApiClientBase.cs(202,23): error CS0246: 'RemoteApiException' türü veya ad alanı adı bulunamadı (bir using yönergeniz veya derleme başvurunuz mu eksik?) [c:\Users\Mert\source\repos\ISKI.IBKS\ISKI.IBKS.Infrastructure\ISKI.IBKS.Infrastructure.csproj]
c:\Users\Mert\source\repos\ISKI.IBKS\ISKI.IBKS.Infrastructure\RemoteApi\SAIS\Http\SaisApiClient.cs(115,180): error CS0266: 'object' türü örtülü olarak 'bool' türüne dönüştürülemez. Açık bir dönüştürme var (eksik atamanız mı var?) [c:\Users\Mert\source\repos\ISKI.IBKS\ISKI.IBKS.Infrastructure\ISKI.IBKS.Infrastructure.csproj]
c:\Users\Mert\source\repos\ISKI.IBKS\ISKI.IBKS.Infrastructure\RemoteApi\SAIS\Http\SaisApiClient.cs(116,180): error CS0266: 'object' türü örtülü olarak 'bool' türüne dönüştürülemez. Açık bir dönüştürme var (eksik atamanız mı var?) [c:\Users\Mert\source\repos\ISKI.IBKS\ISKI.IBKS.Infrastructure\ISKI.IBKS.Infrastructure.csproj]
    21 Uyarı
    42 Hata

Geçen Süre 00:00:08.46
